Using pre-set license
Built from '6000.0/staging' branch; Version is '6000.0.55f1 (c5f59906196d) revision 12973465'; Using compiler version '193933523'; Build Type 'Release'
OS: 'Windows 10  (10.0.19045) 64bit Professional' Language: 'es' Physical Memory: 4012 MB
BatchMode: 1, IsHumanControllingUs: 0, StartBugReporterOnCrash: 0, Is64bit: 1
Date: 2025-10-05T19:06:54Z

COMMAND LINE ARGUMENTS:
D:\Datos\Escritorio\Universidad\Aplicaciones\6000.0.55f1\Editor\Unity.exe
-adb2
-batchMode
-noUpm
-name
AssetImportWorker0
-projectPath
D:/Datos/Escritorio/Tutorial_1/PrimerJuego3D
-logFile
Logs/AssetImportWorker0.log
-srvPort
60433
-job-worker-count
1
-background-job-worker-count
8
-gc-helper-count
1
Successfully changed project path to: D:/Datos/Escritorio/Tutorial_1/PrimerJuego3D
D:/Datos/Escritorio/Tutorial_1/PrimerJuego3D
[UnityMemory] Configuration Parameters - Can be set up in boot.config
    "memorysetup-bucket-allocator-granularity=16"
    "memorysetup-bucket-allocator-bucket-count=8"
    "memorysetup-bucket-allocator-block-size=33554432"
    "memorysetup-bucket-allocator-block-count=8"
    "memorysetup-main-allocator-block-size=16777216"
    "memorysetup-thread-allocator-block-size=16777216"
    "memorysetup-gfx-main-allocator-block-size=16777216"
    "memorysetup-gfx-thread-allocator-block-size=16777216"
    "memorysetup-cache-allocator-block-size=4194304"
    "memorysetup-typetree-allocator-block-size=2097152"
    "memorysetup-profiler-bucket-allocator-granularity=16"
    "memorysetup-profiler-bucket-allocator-bucket-count=8"
    "memorysetup-profiler-bucket-allocator-block-size=33554432"
    "memorysetup-profiler-bucket-allocator-block-count=8"
    "memorysetup-profiler-allocator-block-size=16777216"
    "memorysetup-profiler-editor-allocator-block-size=1048576"
    "memorysetup-temp-allocator-size-main=16777216"
    "memorysetup-job-temp-allocator-block-size=2097152"
    "memorysetup-job-temp-allocator-block-size-background=1048576"
    "memorysetup-job-temp-allocator-reduction-small-platforms=262144"
    "memorysetup-allocator-temp-initial-block-size-main=262144"
    "memorysetup-allocator-temp-initial-block-size-worker=262144"
    "memorysetup-temp-allocator-size-background-worker=32768"
    "memorysetup-temp-allocator-size-job-worker=262144"
    "memorysetup-temp-allocator-size-preload-manager=33554432"
    "memorysetup-temp-allocator-size-nav-mesh-worker=65536"
    "memorysetup-temp-allocator-size-audio-worker=65536"
    "memorysetup-temp-allocator-size-cloud-worker=32768"
    "memorysetup-temp-allocator-size-gi-baking-worker=262144"
    "memorysetup-temp-allocator-size-gi-baking-worker=262144"
    "memorysetup-temp-allocator-size-gi-baking-worker=262144"
    "memorysetup-temp-allocator-size-gi-baking-worker=262144"
    "memorysetup-temp-allocator-size-gi-baking-worker=262144"
    "memorysetup-temp-allocator-size-gfx=262144"
Player connection [15212]  Target information:

Player connection [15212]  * "[IP] 192.168.0.12 [Port] 0 [Flags] 2 [Guid] 2884436957 [EditorId] 2884436957 [Version] 1048832 [Id] WindowsEditor(7,Notebook-Lore) [Debug] 1 [PackageName] WindowsEditor [ProjectName] Editor" 

Player connection [15212] Host joined multi-casting on [225.0.0.222:54997]...
Player connection [15212] Host joined alternative multi-casting on [225.0.0.222:34997]...
JobSystem: Creating JobQueue using job-worker-count value 1
Input System module state changed to: Initialized.
[Physics::Module] Initialized fallback backend.
[Physics::Module] Id: 0xdecafbad
Library Redirect Path: Library/
[Physics::Module] Selected backend.
[Physics::Module] Name: PhysX
[Physics::Module] Id: 0xf2b8ea05
[Physics::Module] SDK Version: 4.1.2
[Physics::Module] Integration Version: 1.0.0
[Physics::Module] Threading Mode: Multi-Threaded
Refreshing native plugins compatible for Editor in 143.54 ms, found 3 plugins.
Preloading 0 native plugins for Editor in 0.00 ms.
Initialize engine version: 6000.0.55f1 (c5f59906196d)
[Subsystems] Discovering subsystems at path D:/Datos/Escritorio/Universidad/Aplicaciones/6000.0.55f1/Editor/Data/Resources/UnitySubsystems
[Subsystems] Discovering subsystems at path D:/Datos/Escritorio/Tutorial_1/PrimerJuego3D/Assets
GfxDevice: creating device client; kGfxThreadingModeNonThreaded
Direct3D:
    Version:  Direct3D 11.0 [level 11.1]
    Renderer: Intel(R) HD Graphics (ID=0x22b1)
    Vendor:   Intel
    VRAM:     2006 MB
    Driver:   20.19.15.4549
Initialize mono
Mono path[0] = 'D:/Datos/Escritorio/Universidad/Aplicaciones/6000.0.55f1/Editor/Data/Managed'
Mono path[1] = 'D:/Datos/Escritorio/Universidad/Aplicaciones/6000.0.55f1/Editor/Data/MonoBleedingEdge/lib/mono/unityjit-win32'
Mono config path = 'D:/Datos/Escritorio/Universidad/Aplicaciones/6000.0.55f1/Editor/Data/MonoBleedingEdge/etc'
Using monoOptions --debugger-agent=transport=dt_socket,embedding=1,server=y,suspend=n,address=127.0.0.1:56468
Begin MonoManager ReloadAssembly
Registering precompiled unity dll's ...
Register platform support module: D:/Datos/Escritorio/Universidad/Aplicaciones/6000.0.55f1/Editor/Data/PlaybackEngines/WebGLSupport/UnityEditor.WebGL.Extensions.dll
Register platform support module: D:/Datos/Escritorio/Universidad/Aplicaciones/6000.0.55f1/Editor/Data/PlaybackEngines/WindowsStandaloneSupport/UnityEditor.WindowsStandalone.Extensions.dll
Register platform support module: D:/Datos/Escritorio/Universidad/Aplicaciones/6000.0.55f1/Editor/Data/PlaybackEngines/MetroSupport/UnityEditor.UWP.Extensions.dll
Register platform support module: D:/Datos/Escritorio/Universidad/Aplicaciones/6000.0.55f1/Editor/Data/PlaybackEngines/AndroidPlayer/UnityEditor.Android.Extensions.dll
Registered in 0.153597 seconds.
- Loaded All Assemblies, in 10.607 seconds
Native extension for Android target not found
Android Extension - Scanning For ADB Devices 3358 ms
Native extension for UWP target not found
Native extension for WindowsStandalone target not found
Native extension for WebGL target not found
Mono: successfully reloaded assembly
- Finished resetting the current domain, in  6.759 seconds
Domain Reload Profiling: 17362ms
	BeginReloadAssembly (6093ms)
		ExecutionOrderSort (0ms)
		DisableScriptedObjects (0ms)
		BackupInstance (0ms)
		ReleaseScriptingObjects (0ms)
		CreateAndSetChildDomain (73ms)
	RebuildCommonClasses (1014ms)
	RebuildNativeTypeToScriptingClass (76ms)
	initialDomainReloadingComplete (748ms)
	LoadAllAssembliesAndSetupDomain (2671ms)
		LoadAssemblies (6100ms)
		RebuildTransferFunctionScriptingTraits (0ms)
		AnalyzeDomain (2420ms)
			TypeCache.Refresh (2333ms)
				TypeCache.ScanAssembly (1978ms)
			BuildScriptInfoCaches (55ms)
			ResolveRequiredComponents (29ms)
	FinalizeReload (6761ms)
		ReleaseScriptCaches (0ms)
		RebuildScriptCaches (0ms)
		SetupLoadedEditorAssemblies (6355ms)
			LogAssemblyErrors (0ms)
			InitializePlatformSupportModulesInManaged (4507ms)
			SetLoadedEditorAssemblies (16ms)
			BeforeProcessingInitializeOnLoad (410ms)
			ProcessInitializeOnLoadAttributes (1037ms)
			ProcessInitializeOnLoadMethodAttributes (384ms)
			AfterProcessingInitializeOnLoad (0ms)
			EditorAssembliesLoaded (1ms)
		ExecutionOrderSort2 (0ms)
		AwakeInstancesAfterBackupRestoration (0ms)
========================================================================
Worker process is ready to serve import requests
Import Worker Mode flag is 0x00
Begin MonoManager ReloadAssembly
- Loaded All Assemblies, in 13.059 seconds
Refreshing native plugins compatible for Editor in 60.14 ms, found 3 plugins.
Native extension for Android target not found
Native extension for UWP target not found
Native extension for WindowsStandalone target not found
Native extension for WebGL target not found
Mono: successfully reloaded assembly
- Finished resetting the current domain, in  3.873 seconds
Domain Reload Profiling: 16915ms
	BeginReloadAssembly (3856ms)
		ExecutionOrderSort (0ms)
		DisableScriptedObjects (52ms)
		BackupInstance (0ms)
		ReleaseScriptingObjects (0ms)
		CreateAndSetChildDomain (320ms)
	RebuildCommonClasses (380ms)
	RebuildNativeTypeToScriptingClass (104ms)
	initialDomainReloadingComplete (290ms)
	LoadAllAssembliesAndSetupDomain (8410ms)
		LoadAssemblies (9841ms)
		RebuildTransferFunctionScriptingTraits (0ms)
		AnalyzeDomain (1773ms)
			TypeCache.Refresh (1394ms)
				TypeCache.ScanAssembly (1211ms)
			BuildScriptInfoCaches (335ms)
			ResolveRequiredComponents (28ms)
	FinalizeReload (3876ms)
		ReleaseScriptCaches (0ms)
		RebuildScriptCaches (0ms)
		SetupLoadedEditorAssemblies (3124ms)
			LogAssemblyErrors (0ms)
			InitializePlatformSupportModulesInManaged (163ms)
			SetLoadedEditorAssemblies (18ms)
			BeforeProcessingInitializeOnLoad (498ms)
			ProcessInitializeOnLoadAttributes (2298ms)
			ProcessInitializeOnLoadMethodAttributes (130ms)
			AfterProcessingInitializeOnLoad (14ms)
			EditorAssembliesLoaded (1ms)
		ExecutionOrderSort2 (0ms)
		AwakeInstancesAfterBackupRestoration (33ms)
Launched and connected shader compiler UnityShaderCompiler.exe after 0.24 seconds
Refreshing native plugins compatible for Editor in 9.55 ms, found 3 plugins.
Preloading 0 native plugins for Editor in 0.00 ms.
Unloading 0 Unused Serialized files (Serialized files now loaded: 0)
Unloading 3825 unused Assets / (1.4 MB). Loaded Objects now: 4313.
Memory consumption went from 80.5 MB to 79.1 MB.
Total: 44.466200 ms (FindLiveObjects: 2.040900 ms CreateObjectMapping: 1.761600 ms MarkObjects: 35.069500 ms  DeleteObjects: 5.589200 ms)

========================================================================
Received Import Request.
  Time since last request: 537928.074674 seconds.
  path: Assets/Prefabs/Player2/Scripts
  artifactKey: Guid(ef37984eceb9a9c418158080eba45edf) Importer(815301076,1909f56bfc062723c751e8b465ee728b)
Start importing Assets/Prefabs/Player2/Scripts using Guid(ef37984eceb9a9c418158080eba45edf) Importer(815301076,1909f56bfc062723c751e8b465ee728b) (PreviewImporter) -> (artifact id: '8f68baae7b685d117d194a2acf92521c') in 0.2082813 seconds
Number of updated asset objects reloaded before import = 0Number of asset objects unloaded after import = 0

========================================================================
Received Prepare
Refreshing native plugins compatible for Editor in 6.78 ms, found 3 plugins.
Preloading 0 native plugins for Editor in 0.00 ms.
Unloading 0 Unused Serialized files (Serialized files now loaded: 0)
Unloading 3817 unused Assets / (0.8 MB). Loaded Objects now: 4316.
Memory consumption went from 79.7 MB to 79.0 MB.
Total: 25.677900 ms (FindLiveObjects: 1.641600 ms CreateObjectMapping: 1.605200 ms MarkObjects: 17.290400 ms  DeleteObjects: 5.136000 ms)

Prepare: number of updated asset objects reloaded= 0
========================================================================
Received Import Request.
  Time since last request: 28.096813 seconds.
  path: Assets/Prefabs/Player2/Scripts/EjemploInvokes.cs
  artifactKey: Guid(12414fa1a2df189478a0a1566f30230f) Importer(815301076,1909f56bfc062723c751e8b465ee728b)
Start importing Assets/Prefabs/Player2/Scripts/EjemploInvokes.cs using Guid(12414fa1a2df189478a0a1566f30230f) Importer(815301076,1909f56bfc062723c751e8b465ee728b) (PreviewImporter) -> (artifact id: '0e756f7e7f1bbb52243c6ca41e965ea2') in 0.0046057 seconds
Number of updated asset objects reloaded before import = 0Number of asset objects unloaded after import = 0

========================================================================
Received Prepare
Begin MonoManager ReloadAssembly
- Loaded All Assemblies, in  7.253 seconds
Refreshing native plugins compatible for Editor in 90.08 ms, found 3 plugins.
Native extension for Android target not found
Native extension for UWP target not found
Native extension for WindowsStandalone target not found
Native extension for WebGL target not found
Mono: successfully reloaded assembly
- Finished resetting the current domain, in  4.726 seconds
Domain Reload Profiling: 11976ms
	BeginReloadAssembly (1793ms)
		ExecutionOrderSort (0ms)
		DisableScriptedObjects (45ms)
		BackupInstance (0ms)
		ReleaseScriptingObjects (0ms)
		CreateAndSetChildDomain (213ms)
	RebuildCommonClasses (253ms)
	RebuildNativeTypeToScriptingClass (63ms)
	initialDomainReloadingComplete (186ms)
	LoadAllAssembliesAndSetupDomain (4953ms)
		LoadAssemblies (5170ms)
		RebuildTransferFunctionScriptingTraits (0ms)
		AnalyzeDomain (1084ms)
			TypeCache.Refresh (42ms)
				TypeCache.ScanAssembly (1ms)
			BuildScriptInfoCaches (1004ms)
			ResolveRequiredComponents (27ms)
	FinalizeReload (4728ms)
		ReleaseScriptCaches (0ms)
		RebuildScriptCaches (0ms)
		SetupLoadedEditorAssemblies (3826ms)
			LogAssemblyErrors (0ms)
			InitializePlatformSupportModulesInManaged (109ms)
			SetLoadedEditorAssemblies (21ms)
			BeforeProcessingInitializeOnLoad (840ms)
			ProcessInitializeOnLoadAttributes (2595ms)
			ProcessInitializeOnLoadMethodAttributes (246ms)
			AfterProcessingInitializeOnLoad (15ms)
			EditorAssembliesLoaded (1ms)
		ExecutionOrderSort2 (0ms)
		AwakeInstancesAfterBackupRestoration (37ms)
Refreshing native plugins compatible for Editor in 18.30 ms, found 3 plugins.
Preloading 0 native plugins for Editor in 0.00 ms.
Unloading 0 Unused Serialized files (Serialized files now loaded: 0)
Unloading 3824 unused Assets / (3.0 MB). Loaded Objects now: 4317.
Memory consumption went from 81.2 MB to 78.2 MB.
Total: 50.590700 ms (FindLiveObjects: 7.842900 ms CreateObjectMapping: 3.902800 ms MarkObjects: 23.738400 ms  DeleteObjects: 15.101200 ms)

Prepare: number of updated asset objects reloaded= 0
========================================================================
Received Import Request.
  Time since last request: 198.289359 seconds.
  path: Assets/Prefabs/Player2/Scripts/EjemploInvokes.cs
  artifactKey: Guid(12414fa1a2df189478a0a1566f30230f) Importer(815301076,1909f56bfc062723c751e8b465ee728b)
Start importing Assets/Prefabs/Player2/Scripts/EjemploInvokes.cs using Guid(12414fa1a2df189478a0a1566f30230f) Importer(815301076,1909f56bfc062723c751e8b465ee728b) (PreviewImporter) -> (artifact id: '94b321d3d2c9b34cd9ae780f29d09d6d') in 0.0076647 seconds
Number of updated asset objects reloaded before import = 0Number of asset objects unloaded after import = 0

========================================================================
Received Prepare
Begin MonoManager ReloadAssembly
- Loaded All Assemblies, in 125.385 seconds
Refreshing native plugins compatible for Editor in 538.24 ms, found 3 plugins.
Native extension for Android target not found
Native extension for UWP target not found
Native extension for WindowsStandalone target not found
Native extension for WebGL target not found
Mono: successfully reloaded assembly
- Finished resetting the current domain, in 15.284 seconds
Domain Reload Profiling: 141584ms
	BeginReloadAssembly (46123ms)
		ExecutionOrderSort (1ms)
		DisableScriptedObjects (5012ms)
		BackupInstance (0ms)
		ReleaseScriptingObjects (91ms)
		CreateAndSetChildDomain (11454ms)
	RebuildCommonClasses (528ms)
	RebuildNativeTypeToScriptingClass (165ms)
	initialDomainReloadingComplete (818ms)
	LoadAllAssembliesAndSetupDomain (78635ms)
		LoadAssemblies (58015ms)
		RebuildTransferFunctionScriptingTraits (0ms)
		AnalyzeDomain (30421ms)
			TypeCache.Refresh (4456ms)
				TypeCache.ScanAssembly (301ms)
			BuildScriptInfoCaches (24135ms)
			ResolveRequiredComponents (781ms)
	FinalizeReload (15316ms)
		ReleaseScriptCaches (0ms)
		RebuildScriptCaches (0ms)
		SetupLoadedEditorAssemblies (11763ms)
			LogAssemblyErrors (0ms)
			InitializePlatformSupportModulesInManaged (588ms)
			SetLoadedEditorAssemblies (78ms)
			BeforeProcessingInitializeOnLoad (2251ms)
			ProcessInitializeOnLoadAttributes (7366ms)
			ProcessInitializeOnLoadMethodAttributes (1334ms)
			AfterProcessingInitializeOnLoad (74ms)
			EditorAssembliesLoaded (72ms)
		ExecutionOrderSort2 (0ms)
		AwakeInstancesAfterBackupRestoration (235ms)
Refreshing native plugins compatible for Editor in 35.55 ms, found 3 plugins.
Preloading 0 native plugins for Editor in 0.00 ms.
Unloading 0 Unused Serialized files (Serialized files now loaded: 0)
Unloading 3824 unused Assets / (131.0 KB). Loaded Objects now: 4317.
Memory consumption went from 81.2 MB to 81.1 MB.
Total: 1529.633300 ms (FindLiveObjects: 2.257800 ms CreateObjectMapping: 1.999300 ms MarkObjects: 1420.385300 ms  DeleteObjects: 104.984000 ms)

Prepare: number of updated asset objects reloaded= 0
========================================================================
Received Import Request.
  Time since last request: 3563.657766 seconds.
  path: Assets/Prefabs/Player2/Player2.prefab
  artifactKey: Guid(0d4505b6a0928804181c80f4913c4d79) Importer(815301076,1909f56bfc062723c751e8b465ee728b)
Start importing Assets/Prefabs/Player2/Player2.prefab using Guid(0d4505b6a0928804181c80f4913c4d79) Importer(815301076,1909f56bfc062723c751e8b465ee728b) (PreviewImporter) -> (artifact id: '84019de0c092d2c21dc110d345b9f0f1') in 11.327177 seconds
Number of updated asset objects reloaded before import = 0Number of asset objects unloaded after import = 7

========================================================================
Received Import Request.
  Time since last request: 0.000305 seconds.
  path: Assets/Prefabs/Player2/Scripts/EjemploInvokes.cs
  artifactKey: Guid(12414fa1a2df189478a0a1566f30230f) Importer(815301076,1909f56bfc062723c751e8b465ee728b)
Start importing Assets/Prefabs/Player2/Scripts/EjemploInvokes.cs using Guid(12414fa1a2df189478a0a1566f30230f) Importer(815301076,1909f56bfc062723c751e8b465ee728b) (PreviewImporter) -> (artifact id: '3e4ec7ca7bc663705eaf32fd4a0bb11c') in 0.1361182 seconds
Number of updated asset objects reloaded before import = 0Number of asset objects unloaded after import = 0

========================================================================
Received Import Request.
  Time since last request: 237.771505 seconds.
  path: Assets/Prefabs/Bala
  artifactKey: Guid(8a446cc9f48c67849aef8b35f11fa6ab) Importer(815301076,1909f56bfc062723c751e8b465ee728b)
Start importing Assets/Prefabs/Bala using Guid(8a446cc9f48c67849aef8b35f11fa6ab) Importer(815301076,1909f56bfc062723c751e8b465ee728b) (PreviewImporter) -> (artifact id: 'd542557bf64647578fa37672c99f158e') in 0.0026727 seconds
Number of updated asset objects reloaded before import = 0Number of asset objects unloaded after import = 0

========================================================================
Received Import Request.
  Time since last request: 17.244398 seconds.
  path: Assets/Prefabs/Bala/Scrippts
  artifactKey: Guid(84c9f9cea9abedc4a92941da53201c05) Importer(815301076,1909f56bfc062723c751e8b465ee728b)
Start importing Assets/Prefabs/Bala/Scrippts using Guid(84c9f9cea9abedc4a92941da53201c05) Importer(815301076,1909f56bfc062723c751e8b465ee728b) (PreviewImporter) -> (artifact id: 'b3bfeeb139ffb47592871d3e2086d337') in 0.0045011 seconds
Number of updated asset objects reloaded before import = 0Number of asset objects unloaded after import = 0

========================================================================
Received Prepare
Refreshing native plugins compatible for Editor in 34.81 ms, found 3 plugins.
Preloading 0 native plugins for Editor in 0.00 ms.
Unloading 0 Unused Serialized files (Serialized files now loaded: 0)
Unloading 3818 unused Assets / (0.8 MB). Loaded Objects now: 4329.
Memory consumption went from 85.8 MB to 85.0 MB.
Total: 29.542800 ms (FindLiveObjects: 1.819700 ms CreateObjectMapping: 1.628500 ms MarkObjects: 20.569000 ms  DeleteObjects: 5.520500 ms)

Prepare: number of updated asset objects reloaded= 0
========================================================================
Received Import Request.
  Time since last request: 97.072246 seconds.
  path: Assets/Prefabs/Bala/Scrippts/BalaMovement.cs
  artifactKey: Guid(351e6b45e2ad6c544bb2e7505bf14830) Importer(815301076,1909f56bfc062723c751e8b465ee728b)
Start importing Assets/Prefabs/Bala/Scrippts/BalaMovement.cs using Guid(351e6b45e2ad6c544bb2e7505bf14830) Importer(815301076,1909f56bfc062723c751e8b465ee728b) (PreviewImporter) -> (artifact id: '470d61eae1d6896fb1779e68755fea04') in 0.1827366 seconds
Number of updated asset objects reloaded before import = 0Number of asset objects unloaded after import = 0

========================================================================
Received Prepare
Refreshing native plugins compatible for Editor in 79.08 ms, found 3 plugins.
Preloading 0 native plugins for Editor in 0.00 ms.
Unloading 0 Unused Serialized files (Serialized files now loaded: 0)
Unloading 3818 unused Assets / (1.3 MB). Loaded Objects now: 4329.
Memory consumption went from 85.8 MB to 84.5 MB.
Total: 29.573000 ms (FindLiveObjects: 1.845200 ms CreateObjectMapping: 1.918000 ms MarkObjects: 20.423100 ms  DeleteObjects: 5.382200 ms)

Prepare: number of updated asset objects reloaded= 0
========================================================================
Received Import Request.
  Time since last request: 49.334009 seconds.
  path: Assets/Prefabs/Bala/Scripts
  artifactKey: Guid(84c9f9cea9abedc4a92941da53201c05) Importer(815301076,1909f56bfc062723c751e8b465ee728b)
Start importing Assets/Prefabs/Bala/Scripts using Guid(84c9f9cea9abedc4a92941da53201c05) Importer(815301076,1909f56bfc062723c751e8b465ee728b) (PreviewImporter) -> (artifact id: '0f638445bcc243ed56d16e1ff795867b') in 0.0099338 seconds
Number of updated asset objects reloaded before import = 0Number of asset objects unloaded after import = 0

========================================================================
Received Prepare
Begin MonoManager ReloadAssembly
- Loaded All Assemblies, in 38.303 seconds
Refreshing native plugins compatible for Editor in 8.51 ms, found 3 plugins.
Native extension for Android target not found
Native extension for UWP target not found
Native extension for WindowsStandalone target not found
Native extension for WebGL target not found
Mono: successfully reloaded assembly
- Finished resetting the current domain, in  6.029 seconds
Domain Reload Profiling: 44338ms
	BeginReloadAssembly (8456ms)
		ExecutionOrderSort (0ms)
		DisableScriptedObjects (256ms)
		BackupInstance (0ms)
		ReleaseScriptingObjects (64ms)
		CreateAndSetChildDomain (1484ms)
	RebuildCommonClasses (694ms)
	RebuildNativeTypeToScriptingClass (91ms)
	initialDomainReloadingComplete (513ms)
	LoadAllAssembliesAndSetupDomain (28553ms)
		LoadAssemblies (26211ms)
		RebuildTransferFunctionScriptingTraits (0ms)
		AnalyzeDomain (7976ms)
			TypeCache.Refresh (1049ms)
				TypeCache.ScanAssembly (4ms)
			BuildScriptInfoCaches (6537ms)
			ResolveRequiredComponents (139ms)
	FinalizeReload (6032ms)
		ReleaseScriptCaches (0ms)
		RebuildScriptCaches (0ms)
		SetupLoadedEditorAssemblies (4580ms)
			LogAssemblyErrors (0ms)
			InitializePlatformSupportModulesInManaged (177ms)
			SetLoadedEditorAssemblies (162ms)
			BeforeProcessingInitializeOnLoad (1203ms)
			ProcessInitializeOnLoadAttributes (2729ms)
			ProcessInitializeOnLoadMethodAttributes (277ms)
			AfterProcessingInitializeOnLoad (28ms)
			EditorAssembliesLoaded (2ms)
		ExecutionOrderSort2 (0ms)
		AwakeInstancesAfterBackupRestoration (107ms)
Refreshing native plugins compatible for Editor in 123.62 ms, found 3 plugins.
Preloading 0 native plugins for Editor in 0.00 ms.
Unloading 0 Unused Serialized files (Serialized files now loaded: 0)
Unloading 3825 unused Assets / (0.7 MB). Loaded Objects now: 4328.
Memory consumption went from 85.4 MB to 84.7 MB.
Total: 36.035600 ms (FindLiveObjects: 1.824300 ms CreateObjectMapping: 1.898900 ms MarkObjects: 26.435300 ms  DeleteObjects: 5.871500 ms)

Prepare: number of updated asset objects reloaded= 0
========================================================================
Received Import Request.
  Time since last request: 221.848252 seconds.
  path: Assets/Prefabs/Bala/Scripts/BalaMovement.cs
  artifactKey: Guid(351e6b45e2ad6c544bb2e7505bf14830) Importer(815301076,1909f56bfc062723c751e8b465ee728b)
Start importing Assets/Prefabs/Bala/Scripts/BalaMovement.cs using Guid(351e6b45e2ad6c544bb2e7505bf14830) Importer(815301076,1909f56bfc062723c751e8b465ee728b) (PreviewImporter) -> (artifact id: '80b5ff34b479f19457dce42e108b09d3') in 0.4603458 seconds
Number of updated asset objects reloaded before import = 0Number of asset objects unloaded after import = 0

========================================================================
Received Prepare
Begin MonoManager ReloadAssembly
- Loaded All Assemblies, in 125.571 seconds
Refreshing native plugins compatible for Editor in 77.14 ms, found 3 plugins.
Native extension for Android target not found
Native extension for UWP target not found
Native extension for WindowsStandalone target not found
Native extension for WebGL target not found
Mono: successfully reloaded assembly
- Finished resetting the current domain, in 10.184 seconds
Domain Reload Profiling: 135865ms
	BeginReloadAssembly (72589ms)
		ExecutionOrderSort (11ms)
		DisableScriptedObjects (5046ms)
		BackupInstance (0ms)
		ReleaseScriptingObjects (401ms)
		CreateAndSetChildDomain (24537ms)
	RebuildCommonClasses (626ms)
	RebuildNativeTypeToScriptingClass (197ms)
	initialDomainReloadingComplete (7801ms)
	LoadAllAssembliesAndSetupDomain (44442ms)
		LoadAssemblies (30971ms)
		RebuildTransferFunctionScriptingTraits (0ms)
		AnalyzeDomain (22276ms)
			TypeCache.Refresh (4473ms)
				TypeCache.ScanAssembly (91ms)
			BuildScriptInfoCaches (17071ms)
			ResolveRequiredComponents (98ms)
	FinalizeReload (10211ms)
		ReleaseScriptCaches (0ms)
		RebuildScriptCaches (0ms)
		SetupLoadedEditorAssemblies (8221ms)
			LogAssemblyErrors (0ms)
			InitializePlatformSupportModulesInManaged (221ms)
			SetLoadedEditorAssemblies (102ms)
			BeforeProcessingInitializeOnLoad (1917ms)
			ProcessInitializeOnLoadAttributes (5600ms)
			ProcessInitializeOnLoadMethodAttributes (347ms)
			AfterProcessingInitializeOnLoad (33ms)
			EditorAssembliesLoaded (1ms)
		ExecutionOrderSort2 (0ms)
		AwakeInstancesAfterBackupRestoration (44ms)
Refreshing native plugins compatible for Editor in 8.94 ms, found 3 plugins.
Preloading 0 native plugins for Editor in 0.00 ms.
Unloading 0 Unused Serialized files (Serialized files now loaded: 0)
Unloading 3825 unused Assets / (0.7 MB). Loaded Objects now: 4328.
Memory consumption went from 85.4 MB to 84.7 MB.
Total: 899.154100 ms (FindLiveObjects: 1.982300 ms CreateObjectMapping: 3.150800 ms MarkObjects: 857.037200 ms  DeleteObjects: 36.978200 ms)

Prepare: number of updated asset objects reloaded= 0
========================================================================
Received Import Request.
  Time since last request: 1554.016541 seconds.
  path: Assets/Prefabs/Bala/Scripts/BalaMovement.cs
  artifactKey: Guid(351e6b45e2ad6c544bb2e7505bf14830) Importer(815301076,1909f56bfc062723c751e8b465ee728b)
Start importing Assets/Prefabs/Bala/Scripts/BalaMovement.cs using Guid(351e6b45e2ad6c544bb2e7505bf14830) Importer(815301076,1909f56bfc062723c751e8b465ee728b) (PreviewImporter) -> (artifact id: '9a523fc0ece6c53d029ec9d708b16ec6') in 0.3306404 seconds
Number of updated asset objects reloaded before import = 0Number of asset objects unloaded after import = 0

========================================================================
Received Import Request.
  Time since last request: 8.665847 seconds.
  path: Assets/Prefabs/Bala/Bala.prefab
  artifactKey: Guid(44ada51b197c25a48a93bc08ed5783a8) Importer(815301076,1909f56bfc062723c751e8b465ee728b)
Start importing Assets/Prefabs/Bala/Bala.prefab using Guid(44ada51b197c25a48a93bc08ed5783a8) Importer(815301076,1909f56bfc062723c751e8b465ee728b) (PreviewImporter) -> (artifact id: '1a2dfdc9912353b5866d12c41c534769') in 6.4936024 seconds
Number of updated asset objects reloaded before import = 0Number of asset objects unloaded after import = 8

========================================================================
Received Import Request.
  Time since last request: 103.465048 seconds.
  path: ProjectSettings/TagManager.asset
  artifactKey: Guid(00000000000000003000000000000000) Importer(815301076,1909f56bfc062723c751e8b465ee728b)
Start importing ProjectSettings/TagManager.asset using Guid(00000000000000003000000000000000) Importer(815301076,1909f56bfc062723c751e8b465ee728b) (PreviewImporter) -> (artifact id: 'be09f2ddbe212c56907233aba085a71d') in 0.1016565 seconds
Number of updated asset objects reloaded before import = 0Number of asset objects unloaded after import = 0

========================================================================
Received Import Request.
  Time since last request: 246.797509 seconds.
  path: Assets/Prefabs/SpawnerBalas
  artifactKey: Guid(6a35d33e129bc11498eb6987ef79b66e) Importer(815301076,1909f56bfc062723c751e8b465ee728b)
Start importing Assets/Prefabs/SpawnerBalas using Guid(6a35d33e129bc11498eb6987ef79b66e) Importer(815301076,1909f56bfc062723c751e8b465ee728b) (PreviewImporter) -> (artifact id: '9c1be596386da2c619a1020100b73f43') in 0.0043146 seconds
Number of updated asset objects reloaded before import = 0Number of asset objects unloaded after import = 0

========================================================================
Received Import Request.
  Time since last request: 19.612628 seconds.
  path: Assets/Prefabs/SpawnerBalas/Scripts
  artifactKey: Guid(ba5218d0bfaf1af419a8f87f8ff76912) Importer(815301076,1909f56bfc062723c751e8b465ee728b)
Start importing Assets/Prefabs/SpawnerBalas/Scripts using Guid(ba5218d0bfaf1af419a8f87f8ff76912) Importer(815301076,1909f56bfc062723c751e8b465ee728b) (PreviewImporter) -> (artifact id: '21b42dd210e0de7c8835fb269f3cc4e6') in 0.0019338 seconds
Number of updated asset objects reloaded before import = 0Number of asset objects unloaded after import = 0

========================================================================
Received Prepare
Refreshing native plugins compatible for Editor in 8.93 ms, found 3 plugins.
Preloading 0 native plugins for Editor in 0.00 ms.
Unloading 0 Unused Serialized files (Serialized files now loaded: 0)
Unloading 3820 unused Assets / (1.3 MB). Loaded Objects now: 4331.
Memory consumption went from 85.7 MB to 84.3 MB.
Total: 33.170500 ms (FindLiveObjects: 1.728900 ms CreateObjectMapping: 1.826700 ms MarkObjects: 22.013300 ms  DeleteObjects: 7.593800 ms)

Prepare: number of updated asset objects reloaded= 0
========================================================================
Received Import Request.
  Time since last request: 51.727724 seconds.
  path: Assets/Prefabs/SpawnerBalas/Scripts/SpawnBala.cs
  artifactKey: Guid(063fd6f1208faca47aefb2ba97da1ab5) Importer(815301076,1909f56bfc062723c751e8b465ee728b)
Start importing Assets/Prefabs/SpawnerBalas/Scripts/SpawnBala.cs using Guid(063fd6f1208faca47aefb2ba97da1ab5) Importer(815301076,1909f56bfc062723c751e8b465ee728b) (PreviewImporter) -> (artifact id: '1728a1c8359ae7fb41c299813c97afcd') in 0.2801274 seconds
Number of updated asset objects reloaded before import = 0Number of asset objects unloaded after import = 0

========================================================================
Received Prepare
Begin MonoManager ReloadAssembly
- Loaded All Assemblies, in 287.892 seconds
Refreshing native plugins compatible for Editor in 91.20 ms, found 3 plugins.
Native extension for Android target not found
Native extension for UWP target not found
Native extension for WindowsStandalone target not found
Native extension for WebGL target not found
Mono: successfully reloaded assembly
- Finished resetting the current domain, in 30.940 seconds
Domain Reload Profiling: 319473ms
	BeginReloadAssembly (170147ms)
		ExecutionOrderSort (0ms)
		DisableScriptedObjects (8389ms)
		BackupInstance (0ms)
		ReleaseScriptingObjects (312ms)
		CreateAndSetChildDomain (92027ms)
	RebuildCommonClasses (4121ms)
	RebuildNativeTypeToScriptingClass (76ms)
	initialDomainReloadingComplete (3979ms)
	LoadAllAssembliesAndSetupDomain (109688ms)
		LoadAssemblies (123072ms)
		RebuildTransferFunctionScriptingTraits (0ms)
		AnalyzeDomain (26797ms)
			TypeCache.Refresh (5759ms)
				TypeCache.ScanAssembly (236ms)
			BuildScriptInfoCaches (19854ms)
			ResolveRequiredComponents (331ms)
	FinalizeReload (31462ms)
		ReleaseScriptCaches (0ms)
		RebuildScriptCaches (0ms)
		SetupLoadedEditorAssemblies (26179ms)
			LogAssemblyErrors (0ms)
			InitializePlatformSupportModulesInManaged (749ms)
			SetLoadedEditorAssemblies (530ms)
			BeforeProcessingInitializeOnLoad (5961ms)
			ProcessInitializeOnLoadAttributes (17485ms)
			ProcessInitializeOnLoadMethodAttributes (1424ms)
			AfterProcessingInitializeOnLoad (26ms)
			EditorAssembliesLoaded (4ms)
		ExecutionOrderSort2 (0ms)
		AwakeInstancesAfterBackupRestoration (908ms)
Refreshing native plugins compatible for Editor in 1140.25 ms, found 3 plugins.
Preloading 0 native plugins for Editor in 0.00 ms.
Unloading 0 Unused Serialized files (Serialized files now loaded: 0)
Unloading 3826 unused Assets / (131.0 KB). Loaded Objects now: 4330.
Memory consumption went from 85.5 MB to 85.3 MB.
Total: 6615.433900 ms (FindLiveObjects: 335.648400 ms CreateObjectMapping: 2.708300 ms MarkObjects: 6273.084900 ms  DeleteObjects: 3.986800 ms)

Prepare: number of updated asset objects reloaded= 0
========================================================================
Received Import Request.
  Time since last request: 763.188818 seconds.
  path: Assets/Prefabs/SpawnerBalas/Scripts/SpawnBala.cs
  artifactKey: Guid(063fd6f1208faca47aefb2ba97da1ab5) Importer(815301076,1909f56bfc062723c751e8b465ee728b)
Start importing Assets/Prefabs/SpawnerBalas/Scripts/SpawnBala.cs using Guid(063fd6f1208faca47aefb2ba97da1ab5) Importer(815301076,1909f56bfc062723c751e8b465ee728b) (PreviewImporter) -> (artifact id: 'ed27139b45f4bc925dbc31445caa8d7c') in 42.6529144 seconds
Number of updated asset objects reloaded before import = 0Number of asset objects unloaded after import = 0

========================================================================
Received Prepare
Refreshing native plugins compatible for Editor in 8.69 ms, found 3 plugins.
Preloading 0 native plugins for Editor in 0.00 ms.
Unloading 0 Unused Serialized files (Serialized files now loaded: 0)
Unloading 3819 unused Assets / (130.9 KB). Loaded Objects now: 4330.
Memory consumption went from 85.6 MB to 85.5 MB.
Total: 3356.560800 ms (FindLiveObjects: 26.538500 ms CreateObjectMapping: 1.795600 ms MarkObjects: 3323.880000 ms  DeleteObjects: 4.336800 ms)

Prepare: number of updated asset objects reloaded= 0
========================================================================
Received Import Request.
  Time since last request: 761.175967 seconds.
  path: Assets/Prefabs/SpawnerBalas/Scripts/SpawnBala.cs
  artifactKey: Guid(063fd6f1208faca47aefb2ba97da1ab5) Importer(815301076,1909f56bfc062723c751e8b465ee728b)
Start importing Assets/Prefabs/SpawnerBalas/Scripts/SpawnBala.cs using Guid(063fd6f1208faca47aefb2ba97da1ab5) Importer(815301076,1909f56bfc062723c751e8b465ee728b) (PreviewImporter) -> (artifact id: 'f0020122e34ddf91f1ee8bd624efde3e') in 2.3654544 seconds
Number of updated asset objects reloaded before import = 0Number of asset objects unloaded after import = 0

========================================================================
Received Prepare
Refreshing native plugins compatible for Editor in 8.87 ms, found 3 plugins.
Preloading 0 native plugins for Editor in 0.00 ms.
Unloading 0 Unused Serialized files (Serialized files now loaded: 0)
Unloading 3819 unused Assets / (1.0 MB). Loaded Objects now: 4330.
Memory consumption went from 85.6 MB to 84.7 MB.
Total: 87.596000 ms (FindLiveObjects: 1.733800 ms CreateObjectMapping: 1.777700 ms MarkObjects: 51.925800 ms  DeleteObjects: 32.154600 ms)

Prepare: number of updated asset objects reloaded= 0
========================================================================
Received Import Request.
  Time since last request: 141.894677 seconds.
  path: Assets/Prefabs/SpawnerBalas/Scripts/SpawnBala.cs
  artifactKey: Guid(063fd6f1208faca47aefb2ba97da1ab5) Importer(815301076,1909f56bfc062723c751e8b465ee728b)
Start importing Assets/Prefabs/SpawnerBalas/Scripts/SpawnBala.cs using Guid(063fd6f1208faca47aefb2ba97da1ab5) Importer(815301076,1909f56bfc062723c751e8b465ee728b) (PreviewImporter) -> (artifact id: '7ef3a1d3f2aa89bfb07007f0343ea3b2') in 0.2285542 seconds
Number of updated asset objects reloaded before import = 0Number of asset objects unloaded after import = 0

========================================================================
Received Prepare
Begin MonoManager ReloadAssembly
- Loaded All Assemblies, in 120.311 seconds
Refreshing native plugins compatible for Editor in 272.77 ms, found 3 plugins.
Native extension for Android target not found
Native extension for UWP target not found
Native extension for WindowsStandalone target not found
Native extension for WebGL target not found
Mono: successfully reloaded assembly
- Finished resetting the current domain, in 10.146 seconds
Domain Reload Profiling: 130462ms
	BeginReloadAssembly (76284ms)
		ExecutionOrderSort (0ms)
		DisableScriptedObjects (10457ms)
		BackupInstance (0ms)
		ReleaseScriptingObjects (67ms)
		CreateAndSetChildDomain (34517ms)
	RebuildCommonClasses (834ms)
	RebuildNativeTypeToScriptingClass (161ms)
	initialDomainReloadingComplete (8103ms)
	LoadAllAssembliesAndSetupDomain (34930ms)
		LoadAssemblies (32180ms)
		RebuildTransferFunctionScriptingTraits (0ms)
		AnalyzeDomain (8244ms)
			TypeCache.Refresh (1877ms)
				TypeCache.ScanAssembly (76ms)
			BuildScriptInfoCaches (5627ms)
			ResolveRequiredComponents (389ms)
	FinalizeReload (10149ms)
		ReleaseScriptCaches (0ms)
		RebuildScriptCaches (0ms)
		SetupLoadedEditorAssemblies (7934ms)
			LogAssemblyErrors (0ms)
			InitializePlatformSupportModulesInManaged (704ms)
			SetLoadedEditorAssemblies (61ms)
			BeforeProcessingInitializeOnLoad (1146ms)
			ProcessInitializeOnLoadAttributes (5685ms)
			ProcessInitializeOnLoadMethodAttributes (321ms)
			AfterProcessingInitializeOnLoad (16ms)
			EditorAssembliesLoaded (1ms)
		ExecutionOrderSort2 (0ms)
		AwakeInstancesAfterBackupRestoration (81ms)
Refreshing native plugins compatible for Editor in 8.03 ms, found 3 plugins.
Preloading 0 native plugins for Editor in 0.00 ms.
Unloading 0 Unused Serialized files (Serialized files now loaded: 0)
Unloading 3826 unused Assets / (1.2 MB). Loaded Objects now: 4330.
Memory consumption went from 85.5 MB to 84.3 MB.
Total: 27.239100 ms (FindLiveObjects: 1.924200 ms CreateObjectMapping: 1.892600 ms MarkObjects: 18.105500 ms  DeleteObjects: 5.312200 ms)

Prepare: number of updated asset objects reloaded= 0
========================================================================
Received Import Request.
  Time since last request: 901.003478 seconds.
  path: Assets/Prefabs/SpawnerBalas/SpawnerBalas.prefab
  artifactKey: Guid(4c12a9d282472334dbc4a3f924929d87) Importer(815301076,1909f56bfc062723c751e8b465ee728b)
Start importing Assets/Prefabs/SpawnerBalas/SpawnerBalas.prefab using Guid(4c12a9d282472334dbc4a3f924929d87) Importer(815301076,1909f56bfc062723c751e8b465ee728b) (PreviewImporter) -> (artifact id: '2102ae590a490b86a024ca04fb328a18') in 1.4112593 seconds
Number of updated asset objects reloaded before import = 0Number of asset objects unloaded after import = 5

========================================================================
Received Prepare
Begin MonoManager ReloadAssembly
- Loaded All Assemblies, in  9.626 seconds
Refreshing native plugins compatible for Editor in 20.33 ms, found 3 plugins.
Native extension for Android target not found
Native extension for UWP target not found
Native extension for WindowsStandalone target not found
Native extension for WebGL target not found
Mono: successfully reloaded assembly
- Finished resetting the current domain, in  6.777 seconds
Domain Reload Profiling: 16412ms
	BeginReloadAssembly (2687ms)
		ExecutionOrderSort (0ms)
		DisableScriptedObjects (51ms)
		BackupInstance (0ms)
		ReleaseScriptingObjects (1ms)
		CreateAndSetChildDomain (426ms)
	RebuildCommonClasses (519ms)
	RebuildNativeTypeToScriptingClass (66ms)
	initialDomainReloadingComplete (178ms)
	LoadAllAssembliesAndSetupDomain (6182ms)
		LoadAssemblies (6174ms)
		RebuildTransferFunctionScriptingTraits (0ms)
		AnalyzeDomain (1655ms)
			TypeCache.Refresh (23ms)
				TypeCache.ScanAssembly (0ms)
			BuildScriptInfoCaches (1553ms)
			ResolveRequiredComponents (57ms)
	FinalizeReload (6780ms)
		ReleaseScriptCaches (0ms)
		RebuildScriptCaches (0ms)
		SetupLoadedEditorAssemblies (5282ms)
			LogAssemblyErrors (0ms)
			InitializePlatformSupportModulesInManaged (206ms)
			SetLoadedEditorAssemblies (30ms)
			BeforeProcessingInitializeOnLoad (954ms)
			ProcessInitializeOnLoadAttributes (3700ms)
			ProcessInitializeOnLoadMethodAttributes (341ms)
			AfterProcessingInitializeOnLoad (48ms)
			EditorAssembliesLoaded (1ms)
		ExecutionOrderSort2 (0ms)
		AwakeInstancesAfterBackupRestoration (65ms)
Refreshing native plugins compatible for Editor in 58.83 ms, found 3 plugins.
Preloading 0 native plugins for Editor in 0.00 ms.
Unloading 0 Unused Serialized files (Serialized files now loaded: 0)
Unloading 3826 unused Assets / (0.9 MB). Loaded Objects now: 4330.
Memory consumption went from 85.5 MB to 84.6 MB.
Total: 71.329000 ms (FindLiveObjects: 6.837700 ms CreateObjectMapping: 6.969100 ms MarkObjects: 43.682800 ms  DeleteObjects: 13.829900 ms)

Prepare: number of updated asset objects reloaded= 0
========================================================================
Received Prepare
Begin MonoManager ReloadAssembly
- Loaded All Assemblies, in  4.377 seconds
Refreshing native plugins compatible for Editor in 12.79 ms, found 3 plugins.
Native extension for Android target not found
Native extension for UWP target not found
Native extension for WindowsStandalone target not found
Native extension for WebGL target not found
Mono: successfully reloaded assembly
- Finished resetting the current domain, in  5.969 seconds
Domain Reload Profiling: 10360ms
	BeginReloadAssembly (1239ms)
		ExecutionOrderSort (0ms)
		DisableScriptedObjects (57ms)
		BackupInstance (0ms)
		ReleaseScriptingObjects (0ms)
		CreateAndSetChildDomain (190ms)
	RebuildCommonClasses (338ms)
	RebuildNativeTypeToScriptingClass (73ms)
	initialDomainReloadingComplete (136ms)
	LoadAllAssembliesAndSetupDomain (2602ms)
		LoadAssemblies (2229ms)
		RebuildTransferFunctionScriptingTraits (0ms)
		AnalyzeDomain (1135ms)
			TypeCache.Refresh (23ms)
				TypeCache.ScanAssembly (0ms)
			BuildScriptInfoCaches (1028ms)
			ResolveRequiredComponents (48ms)
	FinalizeReload (5972ms)
		ReleaseScriptCaches (0ms)
		RebuildScriptCaches (0ms)
		SetupLoadedEditorAssemblies (4657ms)
			LogAssemblyErrors (0ms)
			InitializePlatformSupportModulesInManaged (134ms)
			SetLoadedEditorAssemblies (37ms)
			BeforeProcessingInitializeOnLoad (883ms)
			ProcessInitializeOnLoadAttributes (3352ms)
			ProcessInitializeOnLoadMethodAttributes (231ms)
			AfterProcessingInitializeOnLoad (19ms)
			EditorAssembliesLoaded (1ms)
		ExecutionOrderSort2 (0ms)
		AwakeInstancesAfterBackupRestoration (51ms)
Refreshing native plugins compatible for Editor in 17.69 ms, found 3 plugins.
Preloading 0 native plugins for Editor in 0.00 ms.
Unloading 0 Unused Serialized files (Serialized files now loaded: 0)
Unloading 3826 unused Assets / (1.3 MB). Loaded Objects now: 4330.
Memory consumption went from 85.5 MB to 84.2 MB.
Total: 57.731000 ms (FindLiveObjects: 8.793400 ms CreateObjectMapping: 3.944400 ms MarkObjects: 31.776200 ms  DeleteObjects: 13.209100 ms)

Prepare: number of updated asset objects reloaded= 0
