Using pre-set license
Built from '6000.0/staging' branch; Version is '6000.0.55f1 (c5f59906196d) revision 12973465'; Using compiler version '193933523'; Build Type 'Release'
OS: 'Windows 10  (10.0.19045) 64bit Professional' Language: 'es' Physical Memory: 4012 MB
BatchMode: 1, IsHumanControllingUs: 0, StartBugReporterOnCrash: 0, Is64bit: 1
Date: 2025-10-06T01:38:37Z

COMMAND LINE ARGUMENTS:
D:\Datos\Escritorio\Universidad\Aplicaciones\6000.0.55f1\Editor\Unity.exe
-adb2
-batchMode
-noUpm
-name
AssetImportWorker0
-projectPath
D:/Datos/Escritorio/Tutorial_1/PrimerJuego3D
-logFile
Logs/AssetImportWorker0.log
-srvPort
61881
-job-worker-count
1
-background-job-worker-count
8
-gc-helper-count
1
Successfully changed project path to: D:/Datos/Escritorio/Tutorial_1/PrimerJuego3D
D:/Datos/Escritorio/Tutorial_1/PrimerJuego3D
[UnityMemory] Configuration Parameters - Can be set up in boot.config
    "memorysetup-bucket-allocator-granularity=16"
    "memorysetup-bucket-allocator-bucket-count=8"
    "memorysetup-bucket-allocator-block-size=33554432"
    "memorysetup-bucket-allocator-block-count=8"
    "memorysetup-main-allocator-block-size=16777216"
    "memorysetup-thread-allocator-block-size=16777216"
    "memorysetup-gfx-main-allocator-block-size=16777216"
    "memorysetup-gfx-thread-allocator-block-size=16777216"
    "memorysetup-cache-allocator-block-size=4194304"
    "memorysetup-typetree-allocator-block-size=2097152"
    "memorysetup-profiler-bucket-allocator-granularity=16"
    "memorysetup-profiler-bucket-allocator-bucket-count=8"
    "memorysetup-profiler-bucket-allocator-block-size=33554432"
    "memorysetup-profiler-bucket-allocator-block-count=8"
    "memorysetup-profiler-allocator-block-size=16777216"
    "memorysetup-profiler-editor-allocator-block-size=1048576"
    "memorysetup-temp-allocator-size-main=16777216"
    "memorysetup-job-temp-allocator-block-size=2097152"
    "memorysetup-job-temp-allocator-block-size-background=1048576"
    "memorysetup-job-temp-allocator-reduction-small-platforms=262144"
    "memorysetup-allocator-temp-initial-block-size-main=262144"
    "memorysetup-allocator-temp-initial-block-size-worker=262144"
    "memorysetup-temp-allocator-size-background-worker=32768"
    "memorysetup-temp-allocator-size-job-worker=262144"
    "memorysetup-temp-allocator-size-preload-manager=33554432"
    "memorysetup-temp-allocator-size-nav-mesh-worker=65536"
    "memorysetup-temp-allocator-size-audio-worker=65536"
    "memorysetup-temp-allocator-size-cloud-worker=32768"
    "memorysetup-temp-allocator-size-gi-baking-worker=262144"
    "memorysetup-temp-allocator-size-gi-baking-worker=262144"
    "memorysetup-temp-allocator-size-gi-baking-worker=262144"
    "memorysetup-temp-allocator-size-gi-baking-worker=262144"
    "memorysetup-temp-allocator-size-gi-baking-worker=262144"
    "memorysetup-temp-allocator-size-gfx=262144"
Player connection [14508]  Target information:

Player connection [14508]  * "[IP] 192.168.0.12 [Port] 0 [Flags] 2 [Guid] 2275335680 [EditorId] 2275335680 [Version] 1048832 [Id] WindowsEditor(7,Notebook-Lore) [Debug] 1 [PackageName] WindowsEditor [ProjectName] Editor" 

Player connection [14508] Host joined multi-casting on [225.0.0.222:54997]...
Player connection [14508] Host joined alternative multi-casting on [225.0.0.222:34997]...
JobSystem: Creating JobQueue using job-worker-count value 1
Input System module state changed to: Initialized.
[Physics::Module] Initialized fallback backend.
[Physics::Module] Id: 0xdecafbad
Library Redirect Path: Library/
[Physics::Module] Selected backend.
[Physics::Module] Name: PhysX
[Physics::Module] Id: 0xf2b8ea05
[Physics::Module] SDK Version: 4.1.2
[Physics::Module] Integration Version: 1.0.0
[Physics::Module] Threading Mode: Multi-Threaded
Refreshing native plugins compatible for Editor in 1375.44 ms, found 3 plugins.
Preloading 0 native plugins for Editor in 0.00 ms.
Initialize engine version: 6000.0.55f1 (c5f59906196d)
[Subsystems] Discovering subsystems at path D:/Datos/Escritorio/Universidad/Aplicaciones/6000.0.55f1/Editor/Data/Resources/UnitySubsystems
[Subsystems] Discovering subsystems at path D:/Datos/Escritorio/Tutorial_1/PrimerJuego3D/Assets
GfxDevice: creating device client; kGfxThreadingModeNonThreaded
Direct3D:
    Version:  Direct3D 11.0 [level 11.1]
    Renderer: Intel(R) HD Graphics (ID=0x22b1)
    Vendor:   Intel
    VRAM:     2006 MB
    Driver:   20.19.15.4549
Initialize mono
Mono path[0] = 'D:/Datos/Escritorio/Universidad/Aplicaciones/6000.0.55f1/Editor/Data/Managed'
Mono path[1] = 'D:/Datos/Escritorio/Universidad/Aplicaciones/6000.0.55f1/Editor/Data/MonoBleedingEdge/lib/mono/unityjit-win32'
Mono config path = 'D:/Datos/Escritorio/Universidad/Aplicaciones/6000.0.55f1/Editor/Data/MonoBleedingEdge/etc'
Using monoOptions --debugger-agent=transport=dt_socket,embedding=1,server=y,suspend=n,address=127.0.0.1:56776
Begin MonoManager ReloadAssembly
Registering precompiled unity dll's ...
Register platform support module: D:/Datos/Escritorio/Universidad/Aplicaciones/6000.0.55f1/Editor/Data/PlaybackEngines/WebGLSupport/UnityEditor.WebGL.Extensions.dll
Register platform support module: D:/Datos/Escritorio/Universidad/Aplicaciones/6000.0.55f1/Editor/Data/PlaybackEngines/WindowsStandaloneSupport/UnityEditor.WindowsStandalone.Extensions.dll
Register platform support module: D:/Datos/Escritorio/Universidad/Aplicaciones/6000.0.55f1/Editor/Data/PlaybackEngines/MetroSupport/UnityEditor.UWP.Extensions.dll
Register platform support module: D:/Datos/Escritorio/Universidad/Aplicaciones/6000.0.55f1/Editor/Data/PlaybackEngines/AndroidPlayer/UnityEditor.Android.Extensions.dll
Registered in 6.311909 seconds.
- Loaded All Assemblies, in 75.958 seconds
Native extension for Android target not found
Android Extension - Scanning For ADB Devices 4712 ms
Native extension for UWP target not found
Native extension for WindowsStandalone target not found
Native extension for WebGL target not found
Mono: successfully reloaded assembly
- Finished resetting the current domain, in  8.024 seconds
Domain Reload Profiling: 83999ms
	BeginReloadAssembly (51068ms)
		ExecutionOrderSort (0ms)
		DisableScriptedObjects (0ms)
		BackupInstance (0ms)
		ReleaseScriptingObjects (0ms)
		CreateAndSetChildDomain (95ms)
	RebuildCommonClasses (4064ms)
	RebuildNativeTypeToScriptingClass (67ms)
	initialDomainReloadingComplete (7160ms)
	LoadAllAssembliesAndSetupDomain (13589ms)
		LoadAssemblies (51207ms)
		RebuildTransferFunctionScriptingTraits (0ms)
		AnalyzeDomain (13142ms)
			TypeCache.Refresh (13115ms)
				TypeCache.ScanAssembly (11180ms)
			BuildScriptInfoCaches (8ms)
			ResolveRequiredComponents (17ms)
	FinalizeReload (8051ms)
		ReleaseScriptCaches (0ms)
		RebuildScriptCaches (0ms)
		SetupLoadedEditorAssemblies (7769ms)
			LogAssemblyErrors (0ms)
			InitializePlatformSupportModulesInManaged (5557ms)
			SetLoadedEditorAssemblies (17ms)
			BeforeProcessingInitializeOnLoad (484ms)
			ProcessInitializeOnLoadAttributes (1280ms)
			ProcessInitializeOnLoadMethodAttributes (430ms)
			AfterProcessingInitializeOnLoad (0ms)
			EditorAssembliesLoaded (1ms)
		ExecutionOrderSort2 (1ms)
		AwakeInstancesAfterBackupRestoration (0ms)
========================================================================
Worker process is ready to serve import requests
Import Worker Mode flag is 0x00
Begin MonoManager ReloadAssembly
- Loaded All Assemblies, in 41.420 seconds
Refreshing native plugins compatible for Editor in 51.29 ms, found 3 plugins.
Native extension for Android target not found
Native extension for UWP target not found
Native extension for WindowsStandalone target not found
Native extension for WebGL target not found
Mono: successfully reloaded assembly
- Finished resetting the current domain, in  8.081 seconds
Domain Reload Profiling: 49239ms
	BeginReloadAssembly (1481ms)
		ExecutionOrderSort (0ms)
		DisableScriptedObjects (74ms)
		BackupInstance (0ms)
		ReleaseScriptingObjects (0ms)
		CreateAndSetChildDomain (188ms)
	RebuildCommonClasses (275ms)
	RebuildNativeTypeToScriptingClass (62ms)
	initialDomainReloadingComplete (259ms)
	LoadAllAssembliesAndSetupDomain (39079ms)
		LoadAssemblies (34367ms)
		RebuildTransferFunctionScriptingTraits (0ms)
		AnalyzeDomain (5600ms)
			TypeCache.Refresh (5224ms)
				TypeCache.ScanAssembly (5087ms)
			BuildScriptInfoCaches (282ms)
			ResolveRequiredComponents (73ms)
	FinalizeReload (8084ms)
		ReleaseScriptCaches (0ms)
		RebuildScriptCaches (0ms)
		SetupLoadedEditorAssemblies (7267ms)
			LogAssemblyErrors (0ms)
			InitializePlatformSupportModulesInManaged (83ms)
			SetLoadedEditorAssemblies (18ms)
			BeforeProcessingInitializeOnLoad (536ms)
			ProcessInitializeOnLoadAttributes (6376ms)
			ProcessInitializeOnLoadMethodAttributes (235ms)
			AfterProcessingInitializeOnLoad (19ms)
			EditorAssembliesLoaded (1ms)
		ExecutionOrderSort2 (0ms)
		AwakeInstancesAfterBackupRestoration (34ms)
Launched and connected shader compiler UnityShaderCompiler.exe after 0.74 seconds
Refreshing native plugins compatible for Editor in 8.14 ms, found 3 plugins.
Preloading 0 native plugins for Editor in 0.00 ms.
Unloading 0 Unused Serialized files (Serialized files now loaded: 0)
Unloading 3829 unused Assets / (1.6 MB). Loaded Objects now: 4317.
Memory consumption went from 80.4 MB to 78.9 MB.
Total: 100.442600 ms (FindLiveObjects: 1.833700 ms CreateObjectMapping: 1.753100 ms MarkObjects: 90.801100 ms  DeleteObjects: 6.049900 ms)

========================================================================
Received Import Request.
  Time since last request: 561620.851880 seconds.
  path: Assets/Prefabs/Obstacle/Obstaculos.prefab
  artifactKey: Guid(32ea88b224eca6848ae228bfe549a8f6) Importer(815301076,1909f56bfc062723c751e8b465ee728b)
Start importing Assets/Prefabs/Obstacle/Obstaculos.prefab using Guid(32ea88b224eca6848ae228bfe549a8f6) Importer(815301076,1909f56bfc062723c751e8b465ee728b) (PreviewImporter) -> (artifact id: 'b1f8f76d66c7ad094bf764a37069b0a3') in 1.414767 seconds
Number of updated asset objects reloaded before import = 0Number of asset objects unloaded after import = 7

========================================================================
Received Import Request.
  Time since last request: 29.548398 seconds.
  path: Assets/Prefabs/Obstacle/Obstacle.prefab
  artifactKey: Guid(63a2376fc9f1cf740bc31dd7466ec9e3) Importer(815301076,1909f56bfc062723c751e8b465ee728b)
Start importing Assets/Prefabs/Obstacle/Obstacle.prefab using Guid(63a2376fc9f1cf740bc31dd7466ec9e3) Importer(815301076,1909f56bfc062723c751e8b465ee728b) (PreviewImporter) -> (artifact id: 'a3e6e06b97c645b33fe26f0f11278d96') in 0.1496641 seconds
Number of updated asset objects reloaded before import = 0Number of asset objects unloaded after import = 7

========================================================================
Received Import Request.
  Time since last request: 243.000729 seconds.
  path: Assets/Prefabs/Obstacle/Obstaculos.prefab
  artifactKey: Guid(32ea88b224eca6848ae228bfe549a8f6) Importer(815301076,1909f56bfc062723c751e8b465ee728b)
Start importing Assets/Prefabs/Obstacle/Obstaculos.prefab using Guid(32ea88b224eca6848ae228bfe549a8f6) Importer(815301076,1909f56bfc062723c751e8b465ee728b) (PreviewImporter) -> (artifact id: 'f23c6b6df3a672eace71091e1ad913e2') in 0.0069548 seconds
Number of updated asset objects reloaded before import = 0Number of asset objects unloaded after import = 4

========================================================================
Received Import Request.
  Time since last request: 56.318144 seconds.
  path: Assets/Prefabs/Obstacle
  artifactKey: Guid(196b2930e76f33640bd5d89a48c6e219) Importer(815301076,1909f56bfc062723c751e8b465ee728b)
Start importing Assets/Prefabs/Obstacle using Guid(196b2930e76f33640bd5d89a48c6e219) Importer(815301076,1909f56bfc062723c751e8b465ee728b) (PreviewImporter) -> (artifact id: '0e08bb9a0a605629726a1776983e1705') in 0.0016527 seconds
Number of updated asset objects reloaded before import = 0Number of asset objects unloaded after import = 0

========================================================================
Received Import Request.
  Time since last request: 2.015074 seconds.
  path: Assets/Prefabs/Obstacle/Materials
  artifactKey: Guid(afbe20958e8bd494284bcbc0e6d9d362) Importer(815301076,1909f56bfc062723c751e8b465ee728b)
Start importing Assets/Prefabs/Obstacle/Materials using Guid(afbe20958e8bd494284bcbc0e6d9d362) Importer(815301076,1909f56bfc062723c751e8b465ee728b) (PreviewImporter) -> (artifact id: 'e624154d18d90812ff807d53aa2c37d3') in 0.002665 seconds
Number of updated asset objects reloaded before import = 0Number of asset objects unloaded after import = 0

========================================================================
Received Import Request.
  Time since last request: 390.337291 seconds.
  path: Assets/Prefabs/Obstacle/Scripts
  artifactKey: Guid(21ec9f6ed1e623d47912305dc8ba516a) Importer(815301076,1909f56bfc062723c751e8b465ee728b)
Start importing Assets/Prefabs/Obstacle/Scripts using Guid(21ec9f6ed1e623d47912305dc8ba516a) Importer(815301076,1909f56bfc062723c751e8b465ee728b) (PreviewImporter) -> (artifact id: '452cbda3dae2ed5e9efce2391904092e') in 0.0018036 seconds
Number of updated asset objects reloaded before import = 0Number of asset objects unloaded after import = 0

========================================================================
Received Prepare
Refreshing native plugins compatible for Editor in 8.48 ms, found 3 plugins.
Preloading 0 native plugins for Editor in 0.00 ms.
Unloading 0 Unused Serialized files (Serialized files now loaded: 0)
Unloading 3821 unused Assets / (1.2 MB). Loaded Objects now: 4331.
Memory consumption went from 84.2 MB to 83.0 MB.
Total: 28.817300 ms (FindLiveObjects: 1.743000 ms CreateObjectMapping: 1.708700 ms MarkObjects: 19.553500 ms  DeleteObjects: 5.808300 ms)

Prepare: number of updated asset objects reloaded= 0
========================================================================
Received Import Request.
  Time since last request: 60.353254 seconds.
  path: Assets/Prefabs/Obstacle/Scripts/ObstacleCollision.cs
  artifactKey: Guid(8137470585b99154ea952116d1bf6647) Importer(815301076,1909f56bfc062723c751e8b465ee728b)
Start importing Assets/Prefabs/Obstacle/Scripts/ObstacleCollision.cs using Guid(8137470585b99154ea952116d1bf6647) Importer(815301076,1909f56bfc062723c751e8b465ee728b) (PreviewImporter) -> (artifact id: 'cce393812ad1de4db0d50f82a2d3ec66') in 0.0144298 seconds
Number of updated asset objects reloaded before import = 0Number of asset objects unloaded after import = 0

========================================================================
Received Prepare
Begin MonoManager ReloadAssembly
- Loaded All Assemblies, in  6.892 seconds
Refreshing native plugins compatible for Editor in 6.10 ms, found 3 plugins.
Native extension for Android target not found
Native extension for UWP target not found
Native extension for WindowsStandalone target not found
Native extension for WebGL target not found
Mono: successfully reloaded assembly
- Finished resetting the current domain, in  4.602 seconds
Domain Reload Profiling: 11494ms
	BeginReloadAssembly (1898ms)
		ExecutionOrderSort (0ms)
		DisableScriptedObjects (31ms)
		BackupInstance (0ms)
		ReleaseScriptingObjects (0ms)
		CreateAndSetChildDomain (726ms)
	RebuildCommonClasses (223ms)
	RebuildNativeTypeToScriptingClass (74ms)
	initialDomainReloadingComplete (228ms)
	LoadAllAssembliesAndSetupDomain (4467ms)
		LoadAssemblies (4343ms)
		RebuildTransferFunctionScriptingTraits (0ms)
		AnalyzeDomain (964ms)
			TypeCache.Refresh (28ms)
				TypeCache.ScanAssembly (1ms)
			BuildScriptInfoCaches (898ms)
			ResolveRequiredComponents (26ms)
	FinalizeReload (4604ms)
		ReleaseScriptCaches (0ms)
		RebuildScriptCaches (0ms)
		SetupLoadedEditorAssemblies (3363ms)
			LogAssemblyErrors (0ms)
			InitializePlatformSupportModulesInManaged (89ms)
			SetLoadedEditorAssemblies (25ms)
			BeforeProcessingInitializeOnLoad (604ms)
			ProcessInitializeOnLoadAttributes (2325ms)
			ProcessInitializeOnLoadMethodAttributes (160ms)
			AfterProcessingInitializeOnLoad (139ms)
			EditorAssembliesLoaded (21ms)
		ExecutionOrderSort2 (0ms)
		AwakeInstancesAfterBackupRestoration (210ms)
Refreshing native plugins compatible for Editor in 22.92 ms, found 3 plugins.
Preloading 0 native plugins for Editor in 0.00 ms.
Unloading 0 Unused Serialized files (Serialized files now loaded: 0)
Unloading 3828 unused Assets / (0.9 MB). Loaded Objects now: 4331.
Memory consumption went from 85.4 MB to 84.5 MB.
Total: 56.240500 ms (FindLiveObjects: 9.662400 ms CreateObjectMapping: 13.475400 ms MarkObjects: 25.297000 ms  DeleteObjects: 7.799300 ms)

Prepare: number of updated asset objects reloaded= 0
========================================================================
Received Import Request.
  Time since last request: 167.598948 seconds.
  path: Assets/Prefabs/Obstacle/Scripts/ObstacleCollision.cs
  artifactKey: Guid(8137470585b99154ea952116d1bf6647) Importer(815301076,1909f56bfc062723c751e8b465ee728b)
Start importing Assets/Prefabs/Obstacle/Scripts/ObstacleCollision.cs using Guid(8137470585b99154ea952116d1bf6647) Importer(815301076,1909f56bfc062723c751e8b465ee728b) (PreviewImporter) -> (artifact id: '390df9862a9ddd20813cf59e9c9e8565') in 0.0375719 seconds
Number of updated asset objects reloaded before import = 0Number of asset objects unloaded after import = 0

========================================================================
Received Prepare
Begin MonoManager ReloadAssembly
- Loaded All Assemblies, in 117.255 seconds
Refreshing native plugins compatible for Editor in 132.15 ms, found 3 plugins.
Native extension for Android target not found
Native extension for UWP target not found
Native extension for WindowsStandalone target not found
Native extension for WebGL target not found
Mono: successfully reloaded assembly
- Finished resetting the current domain, in  5.738 seconds
Domain Reload Profiling: 123178ms
	BeginReloadAssembly (76636ms)
		ExecutionOrderSort (19ms)
		DisableScriptedObjects (8186ms)
		BackupInstance (0ms)
		ReleaseScriptingObjects (138ms)
		CreateAndSetChildDomain (25660ms)
	RebuildCommonClasses (497ms)
	RebuildNativeTypeToScriptingClass (150ms)
	initialDomainReloadingComplete (1572ms)
	LoadAllAssembliesAndSetupDomain (38581ms)
		LoadAssemblies (43875ms)
		RebuildTransferFunctionScriptingTraits (0ms)
		AnalyzeDomain (10920ms)
			TypeCache.Refresh (3021ms)
				TypeCache.ScanAssembly (122ms)
			BuildScriptInfoCaches (7595ms)
			ResolveRequiredComponents (223ms)
	FinalizeReload (5741ms)
		ReleaseScriptCaches (0ms)
		RebuildScriptCaches (0ms)
		SetupLoadedEditorAssemblies (4299ms)
			LogAssemblyErrors (30ms)
			InitializePlatformSupportModulesInManaged (159ms)
			SetLoadedEditorAssemblies (101ms)
			BeforeProcessingInitializeOnLoad (1118ms)
			ProcessInitializeOnLoadAttributes (2710ms)
			ProcessInitializeOnLoadMethodAttributes (163ms)
			AfterProcessingInitializeOnLoad (17ms)
			EditorAssembliesLoaded (1ms)
		ExecutionOrderSort2 (0ms)
		AwakeInstancesAfterBackupRestoration (32ms)
Refreshing native plugins compatible for Editor in 34.01 ms, found 3 plugins.
Preloading 0 native plugins for Editor in 0.00 ms.
Unloading 0 Unused Serialized files (Serialized files now loaded: 0)
Unloading 3828 unused Assets / (1.9 MB). Loaded Objects now: 4331.
Memory consumption went from 85.4 MB to 83.5 MB.
Total: 516.037900 ms (FindLiveObjects: 2.553800 ms CreateObjectMapping: 2.490100 ms MarkObjects: 452.064100 ms  DeleteObjects: 58.921900 ms)

Prepare: number of updated asset objects reloaded= 0
========================================================================
Received Import Request.
  Time since last request: 2760.787916 seconds.
  path: Assets/Prefabs/Obstacle/Scripts/ObstacleCollision.cs
  artifactKey: Guid(8137470585b99154ea952116d1bf6647) Importer(815301076,1909f56bfc062723c751e8b465ee728b)
Start importing Assets/Prefabs/Obstacle/Scripts/ObstacleCollision.cs using Guid(8137470585b99154ea952116d1bf6647) Importer(815301076,1909f56bfc062723c751e8b465ee728b) (PreviewImporter) -> (artifact id: '75439adeb72d01c1c21543154fa32be5') in 1.004451 seconds
Number of updated asset objects reloaded before import = 0Number of asset objects unloaded after import = 0

========================================================================
Received Import Request.
  Time since last request: 533.591100 seconds.
  path: Assets/Prefabs/Obstacle/Obstacle.prefab
  artifactKey: Guid(63a2376fc9f1cf740bc31dd7466ec9e3) Importer(815301076,1909f56bfc062723c751e8b465ee728b)
Start importing Assets/Prefabs/Obstacle/Obstacle.prefab using Guid(63a2376fc9f1cf740bc31dd7466ec9e3) Importer(815301076,1909f56bfc062723c751e8b465ee728b) (PreviewImporter) -> (artifact id: '6dcf5bc86a66c89d0f4d26342199628e') in 5.2974385 seconds
Number of updated asset objects reloaded before import = 0Number of asset objects unloaded after import = 9

========================================================================
Received Import Request.
  Time since last request: 481.380046 seconds.
  path: Assets/Prefabs/Obstacle/Obstacle.prefab
  artifactKey: Guid(63a2376fc9f1cf740bc31dd7466ec9e3) Importer(815301076,1909f56bfc062723c751e8b465ee728b)
Start importing Assets/Prefabs/Obstacle/Obstacle.prefab using Guid(63a2376fc9f1cf740bc31dd7466ec9e3) Importer(815301076,1909f56bfc062723c751e8b465ee728b) (PreviewImporter) -> (artifact id: '194e01a1530bf32ce73eb8dfc9eb423f') in 0.7955032 seconds
Number of updated asset objects reloaded before import = 0Number of asset objects unloaded after import = 9

========================================================================
Received Prepare
Begin MonoManager ReloadAssembly
- Loaded All Assemblies, in 40.707 seconds
Refreshing native plugins compatible for Editor in 11.83 ms, found 3 plugins.
Native extension for Android target not found
Native extension for UWP target not found
Native extension for WindowsStandalone target not found
Native extension for WebGL target not found
Mono: successfully reloaded assembly
- Finished resetting the current domain, in  4.744 seconds
Domain Reload Profiling: 45483ms
	BeginReloadAssembly (18357ms)
		ExecutionOrderSort (48ms)
		DisableScriptedObjects (1380ms)
		BackupInstance (0ms)
		ReleaseScriptingObjects (64ms)
		CreateAndSetChildDomain (8045ms)
	RebuildCommonClasses (1043ms)
	RebuildNativeTypeToScriptingClass (112ms)
	initialDomainReloadingComplete (728ms)
	LoadAllAssembliesAndSetupDomain (20497ms)
		LoadAssemblies (15163ms)
		RebuildTransferFunctionScriptingTraits (0ms)
		AnalyzeDomain (10585ms)
			TypeCache.Refresh (999ms)
				TypeCache.ScanAssembly (0ms)
			BuildScriptInfoCaches (8935ms)
			ResolveRequiredComponents (48ms)
	FinalizeReload (4747ms)
		ReleaseScriptCaches (0ms)
		RebuildScriptCaches (0ms)
		SetupLoadedEditorAssemblies (3621ms)
			LogAssemblyErrors (0ms)
			InitializePlatformSupportModulesInManaged (86ms)
			SetLoadedEditorAssemblies (56ms)
			BeforeProcessingInitializeOnLoad (918ms)
			ProcessInitializeOnLoadAttributes (2383ms)
			ProcessInitializeOnLoadMethodAttributes (161ms)
			AfterProcessingInitializeOnLoad (16ms)
			EditorAssembliesLoaded (1ms)
		ExecutionOrderSort2 (0ms)
		AwakeInstancesAfterBackupRestoration (30ms)
Refreshing native plugins compatible for Editor in 9.21 ms, found 3 plugins.
Preloading 0 native plugins for Editor in 0.00 ms.
Unloading 0 Unused Serialized files (Serialized files now loaded: 0)
Unloading 3828 unused Assets / (0.7 MB). Loaded Objects now: 4331.
Memory consumption went from 85.4 MB to 84.7 MB.
Total: 85.697700 ms (FindLiveObjects: 2.086800 ms CreateObjectMapping: 2.110000 ms MarkObjects: 77.061200 ms  DeleteObjects: 4.434500 ms)

Prepare: number of updated asset objects reloaded= 0
========================================================================
Received Import Request.
  Time since last request: 798.739040 seconds.
  path: Assets/Prefabs/Obstacle/Obstacle.prefab
  artifactKey: Guid(63a2376fc9f1cf740bc31dd7466ec9e3) Importer(815301076,1909f56bfc062723c751e8b465ee728b)
Start importing Assets/Prefabs/Obstacle/Obstacle.prefab using Guid(63a2376fc9f1cf740bc31dd7466ec9e3) Importer(815301076,1909f56bfc062723c751e8b465ee728b) (PreviewImporter) -> (artifact id: 'a0566b9352f36a212669ddec2eecf980') in 1.2653261 seconds
Number of updated asset objects reloaded before import = 0Number of asset objects unloaded after import = 9

========================================================================
Received Import Request.
  Time since last request: 228.897782 seconds.
  path: Assets/Prefabs/SpawnerBalas/Scripts/SpawnBala.cs
  artifactKey: Guid(063fd6f1208faca47aefb2ba97da1ab5) Importer(815301076,1909f56bfc062723c751e8b465ee728b)
Start importing Assets/Prefabs/SpawnerBalas/Scripts/SpawnBala.cs using Guid(063fd6f1208faca47aefb2ba97da1ab5) Importer(815301076,1909f56bfc062723c751e8b465ee728b) (PreviewImporter) -> (artifact id: 'bf45d10a4764cbeee1d56bd232b494a3') in 0.2590624 seconds
Number of updated asset objects reloaded before import = 0Number of asset objects unloaded after import = 0

========================================================================
Received Import Request.
  Time since last request: 92.824952 seconds.
  path: Assets/Prefabs/Bala/Materials
  artifactKey: Guid(7a922c8a048a6d449b7b93906e84ac74) Importer(815301076,1909f56bfc062723c751e8b465ee728b)
Start importing Assets/Prefabs/Bala/Materials using Guid(7a922c8a048a6d449b7b93906e84ac74) Importer(815301076,1909f56bfc062723c751e8b465ee728b) (PreviewImporter) -> (artifact id: '6962ca3ee25a60e5996c791387f88630') in 0.0958323 seconds
Number of updated asset objects reloaded before import = 0Number of asset objects unloaded after import = 0

========================================================================
Received Import Request.
  Time since last request: 82.276514 seconds.
  path: Assets/Prefabs/Bala/Bala.prefab
  artifactKey: Guid(44ada51b197c25a48a93bc08ed5783a8) Importer(815301076,1909f56bfc062723c751e8b465ee728b)
Start importing Assets/Prefabs/Bala/Bala.prefab using Guid(44ada51b197c25a48a93bc08ed5783a8) Importer(815301076,1909f56bfc062723c751e8b465ee728b) (PreviewImporter) -> (artifact id: '39b5ebd3215f9cb078e3211d6027ebb8') in 2.6297107 seconds
Number of updated asset objects reloaded before import = 0Number of asset objects unloaded after import = 9

========================================================================
Received Import Request.
  Time since last request: 56.073572 seconds.
  path: Assets/Prefabs/SpawnerBalas/SpawnerBala.prefab
  artifactKey: Guid(e013d8275405b2043b72257e280ce0f7) Importer(815301076,1909f56bfc062723c751e8b465ee728b)
Start importing Assets/Prefabs/SpawnerBalas/SpawnerBala.prefab using Guid(e013d8275405b2043b72257e280ce0f7) Importer(815301076,1909f56bfc062723c751e8b465ee728b) (PreviewImporter) -> (artifact id: 'b05dc92318eadbf064b8bd4d188ff952') in 0.2616144 seconds
Number of updated asset objects reloaded before import = 0Number of asset objects unloaded after import = 12

========================================================================
Received Prepare
Begin MonoManager ReloadAssembly
- Loaded All Assemblies, in 38.806 seconds
Refreshing native plugins compatible for Editor in 60.22 ms, found 3 plugins.
Native extension for Android target not found
Native extension for UWP target not found
Native extension for WindowsStandalone target not found
Native extension for WebGL target not found
Mono: successfully reloaded assembly
- Finished resetting the current domain, in  9.403 seconds
Domain Reload Profiling: 48287ms
	BeginReloadAssembly (11308ms)
		ExecutionOrderSort (0ms)
		DisableScriptedObjects (373ms)
		BackupInstance (0ms)
		ReleaseScriptingObjects (95ms)
		CreateAndSetChildDomain (3139ms)
	RebuildCommonClasses (831ms)
	RebuildNativeTypeToScriptingClass (151ms)
	initialDomainReloadingComplete (600ms)
	LoadAllAssembliesAndSetupDomain (25990ms)
		LoadAssemblies (21245ms)
		RebuildTransferFunctionScriptingTraits (0ms)
		AnalyzeDomain (9477ms)
			TypeCache.Refresh (1409ms)
				TypeCache.ScanAssembly (0ms)
			BuildScriptInfoCaches (7661ms)
			ResolveRequiredComponents (135ms)
	FinalizeReload (9406ms)
		ReleaseScriptCaches (0ms)
		RebuildScriptCaches (0ms)
		SetupLoadedEditorAssemblies (7058ms)
			LogAssemblyErrors (0ms)
			InitializePlatformSupportModulesInManaged (326ms)
			SetLoadedEditorAssemblies (44ms)
			BeforeProcessingInitializeOnLoad (1549ms)
			ProcessInitializeOnLoadAttributes (4776ms)
			ProcessInitializeOnLoadMethodAttributes (336ms)
			AfterProcessingInitializeOnLoad (25ms)
			EditorAssembliesLoaded (2ms)
		ExecutionOrderSort2 (0ms)
		AwakeInstancesAfterBackupRestoration (61ms)
Refreshing native plugins compatible for Editor in 64.10 ms, found 3 plugins.
Preloading 0 native plugins for Editor in 0.00 ms.
Unloading 0 Unused Serialized files (Serialized files now loaded: 0)
Unloading 3828 unused Assets / (0.7 MB). Loaded Objects now: 4332.
Memory consumption went from 85.4 MB to 84.7 MB.
Total: 117.203400 ms (FindLiveObjects: 3.686000 ms CreateObjectMapping: 3.950100 ms MarkObjects: 91.265500 ms  DeleteObjects: 18.292100 ms)

Prepare: number of updated asset objects reloaded= 0
========================================================================
Received Prepare
Refreshing native plugins compatible for Editor in 37.72 ms, found 3 plugins.
Preloading 0 native plugins for Editor in 0.00 ms.
Unloading 0 Unused Serialized files (Serialized files now loaded: 0)
Unloading 3821 unused Assets / (0.6 MB). Loaded Objects now: 4332.
Memory consumption went from 85.6 MB to 85.0 MB.
Total: 8739.149600 ms (FindLiveObjects: 229.542800 ms CreateObjectMapping: 3.066200 ms MarkObjects: 8444.766600 ms  DeleteObjects: 61.764500 ms)

Prepare: number of updated asset objects reloaded= 0
========================================================================
Received Prepare
Begin MonoManager ReloadAssembly
- Loaded All Assemblies, in 66.479 seconds
Refreshing native plugins compatible for Editor in 7.04 ms, found 3 plugins.
Native extension for Android target not found
Native extension for UWP target not found
Native extension for WindowsStandalone target not found
Native extension for WebGL target not found
Mono: successfully reloaded assembly
- Finished resetting the current domain, in 11.398 seconds
Domain Reload Profiling: 77899ms
	BeginReloadAssembly (27689ms)
		ExecutionOrderSort (0ms)
		DisableScriptedObjects (1294ms)
		BackupInstance (0ms)
		ReleaseScriptingObjects (106ms)
		CreateAndSetChildDomain (10767ms)
	RebuildCommonClasses (446ms)
	RebuildNativeTypeToScriptingClass (72ms)
	initialDomainReloadingComplete (499ms)
	LoadAllAssembliesAndSetupDomain (37768ms)
		LoadAssemblies (33766ms)
		RebuildTransferFunctionScriptingTraits (0ms)
		AnalyzeDomain (9799ms)
			TypeCache.Refresh (1391ms)
				TypeCache.ScanAssembly (15ms)
			BuildScriptInfoCaches (6462ms)
			ResolveRequiredComponents (94ms)
	FinalizeReload (11425ms)
		ReleaseScriptCaches (0ms)
		RebuildScriptCaches (0ms)
		SetupLoadedEditorAssemblies (9596ms)
			LogAssemblyErrors (0ms)
			InitializePlatformSupportModulesInManaged (85ms)
			SetLoadedEditorAssemblies (90ms)
			BeforeProcessingInitializeOnLoad (2114ms)
			ProcessInitializeOnLoadAttributes (6657ms)
			ProcessInitializeOnLoadMethodAttributes (590ms)
			AfterProcessingInitializeOnLoad (17ms)
			EditorAssembliesLoaded (42ms)
		ExecutionOrderSort2 (0ms)
		AwakeInstancesAfterBackupRestoration (119ms)
Refreshing native plugins compatible for Editor in 7.73 ms, found 3 plugins.
Preloading 0 native plugins for Editor in 0.00 ms.
Unloading 0 Unused Serialized files (Serialized files now loaded: 0)
Unloading 3828 unused Assets / (0.8 MB). Loaded Objects now: 4332.
Memory consumption went from 85.4 MB to 84.7 MB.
Total: 713.476000 ms (FindLiveObjects: 1.816700 ms CreateObjectMapping: 1.758300 ms MarkObjects: 683.570800 ms  DeleteObjects: 26.323700 ms)

Prepare: number of updated asset objects reloaded= 0
========================================================================
Received Import Request.
  Time since last request: 2605.907045 seconds.
  path: Assets/Prefabs/SpawnerBalas/Scripts/SpawnBala.cs
  artifactKey: Guid(063fd6f1208faca47aefb2ba97da1ab5) Importer(815301076,1909f56bfc062723c751e8b465ee728b)
Start importing Assets/Prefabs/SpawnerBalas/Scripts/SpawnBala.cs using Guid(063fd6f1208faca47aefb2ba97da1ab5) Importer(815301076,1909f56bfc062723c751e8b465ee728b) (PreviewImporter) -> (artifact id: 'e6d963a0c2400c1388e8c87a8d23659b') in 0.2207414 seconds
Number of updated asset objects reloaded before import = 0Number of asset objects unloaded after import = 0

========================================================================
Received Import Request.
  Time since last request: 25.341327 seconds.
  path: Assets/Prefabs/Bala/Bala.prefab
  artifactKey: Guid(44ada51b197c25a48a93bc08ed5783a8) Importer(815301076,1909f56bfc062723c751e8b465ee728b)
Start importing Assets/Prefabs/Bala/Bala.prefab using Guid(44ada51b197c25a48a93bc08ed5783a8) Importer(815301076,1909f56bfc062723c751e8b465ee728b) (PreviewImporter) -> (artifact id: '092350c5f578f52cdab64cbdaf1a564c') in 2.2294908 seconds
Number of updated asset objects reloaded before import = 0Number of asset objects unloaded after import = 9

========================================================================
Received Import Request.
  Time since last request: 67.332010 seconds.
  path: Assets/Prefabs/SpawnerBalas/SpawnerBala.prefab
  artifactKey: Guid(e013d8275405b2043b72257e280ce0f7) Importer(815301076,1909f56bfc062723c751e8b465ee728b)
Start importing Assets/Prefabs/SpawnerBalas/SpawnerBala.prefab using Guid(e013d8275405b2043b72257e280ce0f7) Importer(815301076,1909f56bfc062723c751e8b465ee728b) (PreviewImporter) -> (artifact id: '0ff9c79e0d95551a607a4707567fdd81') in 0.035466 seconds
Number of updated asset objects reloaded before import = 0Number of asset objects unloaded after import = 12

========================================================================
Received Prepare
Begin MonoManager ReloadAssembly
- Loaded All Assemblies, in  5.553 seconds
Refreshing native plugins compatible for Editor in 8.14 ms, found 3 plugins.
Native extension for Android target not found
Native extension for UWP target not found
Native extension for WindowsStandalone target not found
Native extension for WebGL target not found
Mono: successfully reloaded assembly
- Finished resetting the current domain, in  5.029 seconds
Domain Reload Profiling: 10586ms
	BeginReloadAssembly (1885ms)
		ExecutionOrderSort (0ms)
		DisableScriptedObjects (44ms)
		BackupInstance (0ms)
		ReleaseScriptingObjects (1ms)
		CreateAndSetChildDomain (252ms)
	RebuildCommonClasses (281ms)
	RebuildNativeTypeToScriptingClass (68ms)
	initialDomainReloadingComplete (166ms)
	LoadAllAssembliesAndSetupDomain (3151ms)
		LoadAssemblies (3372ms)
		RebuildTransferFunctionScriptingTraits (0ms)
		AnalyzeDomain (980ms)
			TypeCache.Refresh (22ms)
				TypeCache.ScanAssembly (0ms)
			BuildScriptInfoCaches (904ms)
			ResolveRequiredComponents (43ms)
	FinalizeReload (5034ms)
		ReleaseScriptCaches (0ms)
		RebuildScriptCaches (0ms)
		SetupLoadedEditorAssemblies (3930ms)
			LogAssemblyErrors (2ms)
			InitializePlatformSupportModulesInManaged (151ms)
			SetLoadedEditorAssemblies (40ms)
			BeforeProcessingInitializeOnLoad (695ms)
			ProcessInitializeOnLoadAttributes (2802ms)
			ProcessInitializeOnLoadMethodAttributes (208ms)
			AfterProcessingInitializeOnLoad (31ms)
			EditorAssembliesLoaded (1ms)
		ExecutionOrderSort2 (0ms)
		AwakeInstancesAfterBackupRestoration (55ms)
Refreshing native plugins compatible for Editor in 31.13 ms, found 3 plugins.
Preloading 0 native plugins for Editor in 0.00 ms.
Unloading 0 Unused Serialized files (Serialized files now loaded: 0)
Unloading 3828 unused Assets / (1.1 MB). Loaded Objects now: 4332.
Memory consumption went from 85.4 MB to 84.3 MB.
Total: 40.747100 ms (FindLiveObjects: 4.691200 ms CreateObjectMapping: 8.010200 ms MarkObjects: 22.304300 ms  DeleteObjects: 5.732500 ms)

Prepare: number of updated asset objects reloaded= 0
